Traceback (most recent call last):
  File "/home/runner/work/bobiac-book/bobiac-book/.venv/lib/python3.12/site-packages/jupyter_cache/executors/utils.py", line 58, in single_nb_execution
    executenb(
  File "/home/runner/work/bobiac-book/bobiac-book/.venv/lib/python3.12/site-packages/nbclient/client.py", line 1323, in execute
    return NotebookClient(nb=nb, resources=resources, km=km, **kwargs).execute()
           ^^^^^^^^^^^^^^^^^^^^^^^^^^^^^^^^^^^^^^^^^^^^^^^^^^^^^^^^^^^^^^^^^^^^^
  File "/home/runner/work/bobiac-book/bobiac-book/.venv/lib/python3.12/site-packages/jupyter_core/utils/__init__.py", line 165, in wrapped
    return loop.run_until_complete(inner)
           ^^^^^^^^^^^^^^^^^^^^^^^^^^^^^^
  File "/usr/lib/python3.12/asyncio/base_events.py", line 687, in run_until_complete
    return future.result()
           ^^^^^^^^^^^^^^^
  File "/home/runner/work/bobiac-book/bobiac-book/.venv/lib/python3.12/site-packages/nbclient/client.py", line 709, in async_execute
    await self.async_execute_cell(
  File "/home/runner/work/bobiac-book/bobiac-book/.venv/lib/python3.12/site-packages/nbclient/client.py", line 1062, in async_execute_cell
    await self._check_raise_for_error(cell, cell_index, exec_reply)
  File "/home/runner/work/bobiac-book/bobiac-book/.venv/lib/python3.12/site-packages/nbclient/client.py", line 918, in _check_raise_for_error
    raise CellExecutionError.from_cell_and_msg(cell, exec_reply_content)
nbclient.exceptions.CellExecutionError: An error occurred while executing the following cell:
------------------
data = Path("/Users/fdrgsp/Desktop/bobiac_exercises_oscillations/F01_1615_tcyx.tif")
data = io.imread(data)  # or image = tifffile.imread(image_path)
t0 = data[0]

frame_masks, frame_flows, frame_styles = model.eval(t0[0])
tiff_output_path = "/Users/fdrgsp/Desktop/bobiac_exercises_oscillations/F01_1615_tcyx_nuclei_labels.tif"
io.imsave(tiff_output_path, frame_masks)

frame_masks, frame_flows, frame_styles = model.eval(t0[[0, 1]])
tiff_output_path = "/Users/fdrgsp/Desktop/bobiac_exercises_oscillations/F01_1615_tcyx_cell_labels.tif"
io.imsave(tiff_output_path, frame_masks)
------------------


[31m---------------------------------------------------------------------------[39m
[31mFileNotFoundError[39m                         Traceback (most recent call last)
[36mCell[39m[36m [39m[32mIn[8][39m[32m, line 2[39m
[32m      1[39m data = Path([33m"/Users/fdrgsp/Desktop/bobiac_exercises_oscillations/F01_1615_tcyx.tif"[39m)
[32m----> [39m[32m2[39m data = io.imread(data)  [38;5;66;03m# or image = tifffile.imread(image_path)[39;00m
[32m      3[39m t0 = data[[32m0[39m]
[32m      4[39m 
[32m      5[39m frame_masks, frame_flows, frame_styles = model.eval(t0[[32m0[39m])

[36mFile [39m[32m~/work/bobiac-book/bobiac-book/.venv/lib/python3.12/site-packages/cellpose/io.py:202[39m, in [36mimread[39m[34m(filename)[39m
[32m    200[39m ext = os.path.splitext(filename)[-[32m1[39m].lower()
[32m    201[39m [38;5;28;01mif[39;00m ext == [33m"[39m[33m.tif[39m[33m"[39m [38;5;129;01mor[39;00m ext == [33m"[39m[33m.tiff[39m[33m"[39m [38;5;129;01mor[39;00m ext == [33m"[39m[33m.flex[39m[33m"[39m:
[32m--> [39m[32m202[39m     [38;5;28;01mwith[39;00m [30;43mtifffile[39;49m[30;43m.[39;49m[30;43mTiffFile[39;49m[30;43m([39;49m[30;43mfilename[39;49m[30;43m)[39;49m [38;5;28;01mas[39;00m tif:
[32m    203[39m         ltif = [38;5;28mlen[39m(tif.pages)
[32m    204[39m         [38;5;28;01mtry[39;00m:

[36mFile [39m[32m~/work/bobiac-book/bobiac-book/.venv/lib/python3.12/site-packages/tifffile/tifffile.py:4554[39m, in [36mTiffFile.__init__[39m[34m(self, file, mode, name, offset, size, omexml, superres, _multifile, _useframes, _root, **is_flags)[39m
[32m   4550[39m                 [38;5;28;01mraise[39;00m ValueError(msg)
[32m   4551[39m             self._omexml = omexml
[32m   4552[39m             self.is_ome = [38;5;28;01mTrue[39;00m
[32m   4553[39m 
[32m-> [39m[32m4554[39m         fh = FileHandle(file, mode=mode, name=name, offset=offset, size=size)
[32m   4555[39m         self._fh = fh
[32m   4556[39m         self._multifile = [38;5;28;01mTrue[39;00m [38;5;28;01mif[39;00m _multifile [38;5;28;01mis[39;00m [38;5;28;01mNone[39;00m [38;5;28;01melse[39;00m bool(_multifile)
[32m   4557[39m         self._files = {fh.name: self}

[36mFile [39m[32m~/work/bobiac-book/bobiac-book/.venv/lib/python3.12/site-packages/tifffile/tifffile.py:12751[39m, in [36mFileHandle.__init__[39m[34m(self, file, mode, name, offset, size)[39m
[32m  12747[39m         self._offset = -[32m1[39m [38;5;28;01mif[39;00m offset [38;5;28;01mis[39;00m [38;5;28;01mNone[39;00m [38;5;28;01melse[39;00m offset
[32m  12748[39m         self._size = -[32m1[39m [38;5;28;01mif[39;00m size [38;5;28;01mis[39;00m [38;5;28;01mNone[39;00m [38;5;28;01melse[39;00m size
[32m  12749[39m         self._close = [38;5;28;01mTrue[39;00m
[32m  12750[39m         self._lock = contextlib.nullcontext()
[32m> [39m[32m12751[39m         self.open()
[32m  12752[39m         [38;5;28;01massert[39;00m self._fh [38;5;28;01mis[39;00m [38;5;28;01mnot[39;00m [38;5;28;01mNone[39;00m

[36mFile [39m[32m~/work/bobiac-book/bobiac-book/.venv/lib/python3.12/site-packages/tifffile/tifffile.py:12771[39m, in [36mFileHandle.open[39m[34m(self)[39m
[32m  12767[39m                 msg = f'invalid mode {self._mode}'
[32m  12768[39m                 [38;5;28;01mraise[39;00m ValueError(msg)
[32m  12769[39m             self._file = os.path.realpath(self._file)
[32m  12770[39m             self._dir, self._name = os.path.split(self._file)
[32m> [39m[32m12771[39m             self._fh = open(  # noqa: SIM115
[32m  12772[39m                 self._file, self._mode, encoding=[38;5;28;01mNone[39;00m
[32m  12773[39m             )
[32m  12774[39m             self._close = [38;5;28;01mTrue[39;00m

[31mFileNotFoundError[39m: [Errno 2] No such file or directory: '/Users/fdrgsp/Desktop/bobiac_exercises_oscillations/F01_1615_tcyx.tif'

