Traceback (most recent call last):
  File "/home/runner/work/bobiac-book/bobiac-book/.venv/lib/python3.12/site-packages/jupyter_cache/executors/utils.py", line 58, in single_nb_execution
    executenb(
  File "/home/runner/work/bobiac-book/bobiac-book/.venv/lib/python3.12/site-packages/nbclient/client.py", line 1323, in execute
    return NotebookClient(nb=nb, resources=resources, km=km, **kwargs).execute()
           ^^^^^^^^^^^^^^^^^^^^^^^^^^^^^^^^^^^^^^^^^^^^^^^^^^^^^^^^^^^^^^^^^^^^^
  File "/home/runner/work/bobiac-book/bobiac-book/.venv/lib/python3.12/site-packages/jupyter_core/utils/__init__.py", line 165, in wrapped
    return loop.run_until_complete(inner)
           ^^^^^^^^^^^^^^^^^^^^^^^^^^^^^^
  File "/usr/lib/python3.12/asyncio/base_events.py", line 687, in run_until_complete
    return future.result()
           ^^^^^^^^^^^^^^^
  File "/home/runner/work/bobiac-book/bobiac-book/.venv/lib/python3.12/site-packages/nbclient/client.py", line 709, in async_execute
    await self.async_execute_cell(
  File "/home/runner/work/bobiac-book/bobiac-book/.venv/lib/python3.12/site-packages/nbclient/client.py", line 1062, in async_execute_cell
    await self._check_raise_for_error(cell, cell_index, exec_reply)
  File "/home/runner/work/bobiac-book/bobiac-book/.venv/lib/python3.12/site-packages/nbclient/client.py", line 918, in _check_raise_for_error
    raise CellExecutionError.from_cell_and_msg(cell, exec_reply_content)
nbclient.exceptions.CellExecutionError: An error occurred while executing the following cell:
------------------
viewer = ndv.imshow(seg)
------------------

----- stderr -----
Unable to find extension: VK_KHR_surface
----- stderr -----
Unable to find extension: VK_KHR_xlib_surface
----- stderr -----
Unable to find extension: VK_KHR_xcb_surface
----- stderr -----
Unable to find extension: VK_KHR_wayland_surface
----- stderr -----
Unable to find extension: VK_EXT_acquire_drm_display
----- stderr -----
Unable to find extension: VK_EXT_direct_mode_display
----- stderr -----
Unable to find extension: VK_KHR_display
----- stderr -----
Unable to find extension: VK_EXT_physical_device_drm
----- stderr -----
Unable to find extension: VK_KHR_get_display_properties2
----- stderr -----
Unable to find extension: VK_EXT_swapchain_colorspace
----- stderr -----
Unable to find extension: VK_KHR_get_physical_device_properties2
----- stderr -----
libEGL warning: DRI3 error: Could not get DRI3 device
libEGL warning: Ensure your X server supports DRI3 to get accelerated rendering
------------------

[31m---------------------------------------------------------------------------[39m
[31mRuntimeError[39m                              Traceback (most recent call last)
[36mCell[39m[36m [39m[32mIn[6][39m[32m, line 1[39m
[32m----> [39m[32m1[39m viewer = ndv.imshow(seg)

[36mFile [39m[32m~/work/bobiac-book/bobiac-book/.venv/lib/python3.12/site-packages/ndv/util.py:69[39m, in [36mimshow[39m[34m(data, viewer_options, display_model, **display_kwargs)[39m
[32m     36[39m [38;5;28;01mdef[39;00m[38;5;250m [39m[34mimshow[39m(
[32m     37[39m     data: Any | DataWrapper,
[32m     38[39m     /,
[32m   (...)[39m[32m     42[39m     **display_kwargs: Unpack[ArrayDisplayModelKwargs],
[32m     43[39m ) -> ArrayViewer:
[32m     44[39m [38;5;250m    [39m[33;03m"""Display an array or DataWrapper in a new `ArrayViewer` window.[39;00m
[32m     45[39m 
[32m     46[39m [33;03m    This convenience function creates an `ArrayViewer` instance populated with `data`,[39;00m
[32m   (...)[39m[32m     67[39m [33;03m        The `ArrayViewer` instance.[39;00m
[32m     68[39m [33;03m    """[39;00m
[32m---> [39m[32m69[39m     viewer = [30;43mArrayViewer[39;49m[30;43m([39;49m
[32m     70[39m [30;43m        [39;49m[30;43mdata[39;49m[30;43m,[39;49m
[32m     71[39m [30;43m        [39;49m[30;43mdisplay_model[39;49m[30;43m=[39;49m[30;43mdisplay_model[39;49m[30;43m,[39;49m
[32m     72[39m [30;43m        [39;49m[30;43mviewer_options[39;49m[30;43m=[39;49m[30;43mviewer_options[39;49m[30;43m,[39;49m
[32m     73[39m [30;43m        [39;49m[30;43m*[39;49m[30;43m*[39;49m[30;43mdisplay_kwargs[39;49m[30;43m,[39;49m
[32m     74[39m [30;43m    [39;49m[30;43m)[39;49m
[32m     75[39m     viewer.show()
[32m     77[39m     run_app()

[36mFile [39m[32m~/work/bobiac-book/bobiac-book/.venv/lib/python3.12/site-packages/ndv/controllers/_array_viewer.py:125[39m, in [36mArrayViewer.__init__[39m[34m(self, data, viewer_options, display_model, **kwargs)[39m
[32m    123[39m frontend_cls = _app.get_array_view_class()
[32m    124[39m canvas_cls = _app.get_array_canvas_class()
[32m--> [39m[32m125[39m [38;5;28mself[39m._canvas = [30;43mcanvas_cls[39;49m[30;43m([39;49m[30;43mself[39;49m[30;43m.[39;49m[30;43m_viewer_model[39;49m[30;43m)[39;49m
[32m    127[39m [38;5;66;03m# TODO: Is this necessary?[39;00m
[32m    128[39m [38;5;28mself[39m._histograms: [38;5;28mdict[39m[ChannelKey, HistogramCanvas] = {}

[36mFile [39m[32m~/work/bobiac-book/bobiac-book/.venv/lib/python3.12/site-packages/ndv/views/_pygfx/_array_canvas.py:422[39m, in [36mGfxArrayCanvas.__init__[39m[34m(self, viewer_model)[39m
[32m    416[39m [38;5;66;03m# this filter needs to remain in scope for the lifetime of the canvas[39;00m
[32m    417[39m [38;5;66;03m# or mouse events will not be intercepted[39;00m
[32m    418[39m [38;5;66;03m# the returned function can be called to remove the filter, (and it also[39;00m
[32m    419[39m [38;5;66;03m# closes on the event filter and keeps it in scope).[39;00m
[32m    420[39m [38;5;28mself[39m._disconnect_mouse_events = filter_mouse_events([38;5;28mself[39m._canvas, [38;5;28mself[39m)
[32m--> [39m[32m422[39m [38;5;28mself[39m._renderer = [30;43mpygfx[39;49m[30;43m.[39;49m[30;43mrenderers[39;49m[30;43m.[39;49m[30;43mWgpuRenderer[39;49m[30;43m([39;49m[30;43mself[39;49m[30;43m.[39;49m[30;43m_canvas[39;49m[30;43m)[39;49m
[32m    424[39m [38;5;28mself[39m._scene = pygfx.Scene()
[32m    425[39m [38;5;28mself[39m._scene.add(pygfx.Background([38;5;28;01mNone[39;00m, pygfx.BackgroundMaterial([33m"[39m[33mblack[39m[33m"[39m)))

[36mFile [39m[32m~/work/bobiac-book/bobiac-book/.venv/lib/python3.12/site-packages/pygfx/renderers/wgpu/engine/renderer.py:271[39m, in [36mWgpuRenderer.__init__[39m[34m(self, target, pixel_scale, pixel_ratio, pixel_filter, show_fps, sort_objects, enable_events, gamma_correction, ppaa, *args, **kwargs)[39m
[32m    268[39m     [38;5;28mself[39m.pixel_scale = pixel_scale
[32m    270[39m [38;5;66;03m# Make sure we have a shared object (the first renderer creates the instance)[39;00m
[32m--> [39m[32m271[39m [38;5;28mself[39m._shared = [30;43mget_shared[39;49m[30;43m([39;49m[30;43m)[39;49m
[32m    272[39m [38;5;28mself[39m._device = [38;5;28mself[39m._shared.device
[32m    274[39m [38;5;66;03m# Count number of objects encountered[39;00m

[36mFile [39m[32m~/work/bobiac-book/bobiac-book/.venv/lib/python3.12/site-packages/pygfx/renderers/wgpu/engine/shared.py:267[39m, in [36mget_shared[39m[34m()[39m
[32m    260[39m [38;5;250m[39m[33;03m"""Get the globally shared instance.[39;00m
[32m    261[39m 
[32m    262[39m [33;03mCreates it if it does not yet exist. This should not be called at the import[39;00m
[32m    263[39m [33;03mtime of any module. Use this to get the global device:[39;00m
[32m    264[39m [33;03m``get_shared().device``.[39;00m
[32m    265[39m [33;03m"""[39;00m
[32m    266[39m [38;5;28;01mif[39;00m Shared._instance [38;5;129;01mis[39;00m [38;5;28;01mNone[39;00m:
[32m--> [39m[32m267[39m     [30;43mShared[39;49m[30;43m([39;49m[30;43m)[39;49m
[32m    269[39m [38;5;28;01mreturn[39;00m Shared._instance

[36mFile [39m[32m~/work/bobiac-book/bobiac-book/.venv/lib/python3.12/site-packages/pygfx/renderers/wgpu/engine/shared.py:73[39m, in [36mShared.__init__[39m[34m(self, canvas)[39m
[32m     70[39m Shared._instance = [38;5;28mself[39m
[32m     72[39m [38;5;66;03m# Select device[39;00m
[32m---> [39m[32m73[39m [38;5;28mself[39m._device = [30;43mwgpu[39;49m[30;43m.[39;49m[30;43mget_default_device[39;49m[30;43m([39;49m[30;43m)[39;49m
[32m     74[39m [38;5;28mself[39m._adapter = [38;5;28mself[39m._device.adapter
[32m     76[39m [38;5;28mself[39m._create_diagnostics()

[36mFile [39m[32m~/work/bobiac-book/bobiac-book/.venv/lib/python3.12/site-packages/wgpu/utils/device.py:201[39m, in [36mDefaultDeviceHelper.get_default_device[39m[34m(self)[39m
[32m    199[39m [38;5;28;01mif[39;00m adapter [38;5;129;01mis[39;00m [38;5;28;01mNone[39;00m:
[32m    200[39m     adapter = wgpu.gpu.request_adapter_sync(**[38;5;28mself[39m._adapter_kwargs)
[32m--> [39m[32m201[39m [38;5;28mself[39m._the_device = [30;43madapter[39;49m[30;43m.[39;49m[30;43mrequest_device_sync[39;49m[30;43m([39;49m[30;43m*[39;49m[30;43m*[39;49m[30;43mself[39;49m[30;43m.[39;49m[30;43m_device_kwargs[39;49m[30;43m)[39;49m
[32m    202[39m [38;5;28mself[39m._adapter_kwargs.clear()
[32m    203[39m [38;5;28mself[39m._device_kwargs.clear()

[36mFile [39m[32m~/work/bobiac-book/bobiac-book/.venv/lib/python3.12/site-packages/wgpu/_classes.py:592[39m, in [36mGPUAdapter.request_device_sync[39m[34m(self, label, required_features, required_limits, default_queue)[39m
[32m    582[39m [38;5;250m[39m[33;03m"""Sync version of `request_device_async()`.[39;00m
[32m    583[39m 
[32m    584[39m [33;03mProvided by wgpu-py, but not compatible with WebGPU.[39;00m
[32m    585[39m [33;03m"""[39;00m
[32m    586[39m promise = [38;5;28mself[39m.request_device_async(
[32m    587[39m     label=label,
[32m    588[39m     required_features=required_features,
[32m    589[39m     required_limits=required_limits,
[32m    590[39m     default_queue=default_queue,
[32m    591[39m )
[32m--> [39m[32m592[39m [38;5;28;01mreturn[39;00m [30;43mpromise[39;49m[30;43m.[39;49m[30;43msync_wait[39;49m[30;43m([39;49m[30;43m)[39;49m

[36mFile [39m[32m~/work/bobiac-book/bobiac-book/.venv/lib/python3.12/site-packages/wgpu/_async.py:317[39m, in [36mGPUPromise.sync_wait[39m[34m(self)[39m
[32m    315[39m [38;5;28;01mif[39;00m [38;5;28mself[39m._state == [33m"[39m[33mpending[39m[33m"[39m:
[32m    316[39m     [38;5;28mself[39m._sync_wait()
[32m--> [39m[32m317[39m [38;5;28;01mreturn[39;00m [30;43mself[39;49m[30;43m.[39;49m[30;43m_resolve[39;49m[30;43m([39;49m[30;43m)[39;49m

[36mFile [39m[32m~/work/bobiac-book/bobiac-book/.venv/lib/python3.12/site-packages/wgpu/_async.py:301[39m, in [36mGPUPromise._resolve[39m[34m(self)[39m
[32m    299[39m [38;5;28;01mif[39;00m [38;5;28mself[39m._state == [33m"[39m[33mrejected[39m[33m"[39m:
[32m    300[39m     exception_in_promise = [38;5;28mself[39m._value
[32m--> [39m[32m301[39m     [38;5;28;01mraise[39;00m exception_in_promise  [38;5;66;03m# re-raising[39;00m
[32m    302[39m [38;5;28;01melse[39;00m:
[32m    303[39m     [38;5;28;01mreturn[39;00m [38;5;28mself[39m._value

[31mRuntimeError[39m: Request device failed (3): Validation Error

Caused by:
  Unsupported features were requested: FLOAT32_FILTERABLE


