Traceback (most recent call last):
  File "/home/runner/work/bobiac-book/bobiac-book/.venv/lib/python3.12/site-packages/jupyter_cache/executors/utils.py", line 58, in single_nb_execution
    executenb(
  File "/home/runner/work/bobiac-book/bobiac-book/.venv/lib/python3.12/site-packages/nbclient/client.py", line 1323, in execute
    return NotebookClient(nb=nb, resources=resources, km=km, **kwargs).execute()
           ^^^^^^^^^^^^^^^^^^^^^^^^^^^^^^^^^^^^^^^^^^^^^^^^^^^^^^^^^^^^^^^^^^^^^
  File "/home/runner/work/bobiac-book/bobiac-book/.venv/lib/python3.12/site-packages/jupyter_core/utils/__init__.py", line 165, in wrapped
    return loop.run_until_complete(inner)
           ^^^^^^^^^^^^^^^^^^^^^^^^^^^^^^
  File "/usr/lib/python3.12/asyncio/base_events.py", line 687, in run_until_complete
    return future.result()
           ^^^^^^^^^^^^^^^
  File "/home/runner/work/bobiac-book/bobiac-book/.venv/lib/python3.12/site-packages/nbclient/client.py", line 709, in async_execute
    await self.async_execute_cell(
  File "/home/runner/work/bobiac-book/bobiac-book/.venv/lib/python3.12/site-packages/nbclient/client.py", line 1062, in async_execute_cell
    await self._check_raise_for_error(cell, cell_index, exec_reply)
  File "/home/runner/work/bobiac-book/bobiac-book/.venv/lib/python3.12/site-packages/nbclient/client.py", line 918, in _check_raise_for_error
    raise CellExecutionError.from_cell_and_msg(cell, exec_reply_content)
nbclient.exceptions.CellExecutionError: An error occurred while executing the following cell:
------------------
list_df = []

for image_path in image_paths:
    image = tifffile.imread(image_path)
    props = skimage.measure.regionprops_table(
        mask_nuclei, intensity_image=image, properties=properties
    )
    sdf = pd.DataFrame(props)
    sdf["intensity_bg_cor"] = sdf["intensity_mean"] - background_intensity
    time_point = image_path.stem.split("_")[2]
    time = float(time_point[1:]) * 0.5
    sdf["time"] = time
    list_df.append(sdf)

df = pd.concat(list_df)
print(df)
------------------


[31m---------------------------------------------------------------------------[39m
[31mValueError[39m                                Traceback (most recent call last)
[36mCell[39m[36m [39m[32mIn[13][39m[32m, line 5[39m
[32m      1[39m list_df = []
[32m      2[39m 
[32m      3[39m [38;5;28;01mfor[39;00m image_path [38;5;28;01min[39;00m image_paths:
[32m      4[39m     image = tifffile.imread(image_path)
[32m----> [39m[32m5[39m     props = skimage.measure.regionprops_table(
[32m      6[39m         mask_nuclei, intensity_image=image, properties=properties
[32m      7[39m     )
[32m      8[39m     sdf = pd.DataFrame(props)

[36mFile [39m[32m~/work/bobiac-book/bobiac-book/.venv/lib/python3.12/site-packages/skimage/measure/_regionprops.py:1131[39m, in [36mregionprops_table[39m[34m(label_image, intensity_image, properties, cache, separator, extra_properties, spacing)[39m
[32m    973[39m [38;5;28;01mdef[39;00m[38;5;250m [39m[34mregionprops_table[39m(
[32m    974[39m     label_image,
[32m    975[39m     intensity_image=[38;5;28;01mNone[39;00m,
[32m   (...)[39m[32m    981[39m     spacing=[38;5;28;01mNone[39;00m,
[32m    982[39m ):
[32m    983[39m [38;5;250m    [39m[33;03m"""Compute region properties and return them as a pandas-compatible table.[39;00m
[32m    984[39m 
[32m    985[39m [33;03m    The return value is a dictionary mapping property names to value arrays.[39;00m
[32m   (...)[39m[32m   1129[39m 
[32m   1130[39m [33;03m    """[39;00m
[32m-> [39m[32m1131[39m     regions = [30;43mregionprops[39;49m[30;43m([39;49m
[32m   1132[39m [30;43m        [39;49m[30;43mlabel_image[39;49m[30;43m,[39;49m
[32m   1133[39m [30;43m        [39;49m[30;43mintensity_image[39;49m[30;43m=[39;49m[30;43mintensity_image[39;49m[30;43m,[39;49m
[32m   1134[39m [30;43m        [39;49m[30;43mcache[39;49m[30;43m=[39;49m[30;43mcache[39;49m[30;43m,[39;49m
[32m   1135[39m [30;43m        [39;49m[30;43mextra_properties[39;49m[30;43m=[39;49m[30;43mextra_properties[39;49m[30;43m,[39;49m
[32m   1136[39m [30;43m        [39;49m[30;43mspacing[39;49m[30;43m=[39;49m[30;43mspacing[39;49m[30;43m,[39;49m
[32m   1137[39m [30;43m    [39;49m[30;43m)[39;49m
[32m   1138[39m     [38;5;28;01mif[39;00m extra_properties [38;5;129;01mis[39;00m [38;5;129;01mnot[39;00m [38;5;28;01mNone[39;00m:
[32m   1139[39m         properties = [38;5;28mlist[39m(properties) + [prop.[34m__name__[39m [38;5;28;01mfor[39;00m prop [38;5;129;01min[39;00m extra_properties]

[36mFile [39m[32m~/work/bobiac-book/bobiac-book/.venv/lib/python3.12/site-packages/skimage/measure/_regionprops.py:1459[39m, in [36mregionprops[39m[34m(label_image, intensity_image, cache, extra_properties, spacing, offset)[39m
[32m   1455[39m         [38;5;28;01mcontinue[39;00m
[32m   1457[39m     label = i + [32m1[39m
[32m-> [39m[32m1459[39m     props = [30;43mRegionProperties[39;49m[30;43m([39;49m
[32m   1460[39m [30;43m        [39;49m[30;43msl[39;49m[30;43m,[39;49m
[32m   1461[39m [30;43m        [39;49m[30;43mlabel[39;49m[30;43m,[39;49m
[32m   1462[39m [30;43m        [39;49m[30;43mlabel_image[39;49m[30;43m,[39;49m
[32m   1463[39m [30;43m        [39;49m[30;43mintensity_image[39;49m[30;43m,[39;49m
[32m   1464[39m [30;43m        [39;49m[30;43mcache[39;49m[30;43m,[39;49m
[32m   1465[39m [30;43m        [39;49m[30;43mspacing[39;49m[30;43m=[39;49m[30;43mspacing[39;49m[30;43m,[39;49m
[32m   1466[39m [30;43m        [39;49m[30;43mextra_properties[39;49m[30;43m=[39;49m[30;43mextra_properties[39;49m[30;43m,[39;49m
[32m   1467[39m [30;43m        [39;49m[30;43moffset[39;49m[30;43m=[39;49m[30;43moffset_arr[39;49m[30;43m,[39;49m
[32m   1468[39m [30;43m    [39;49m[30;43m)[39;49m
[32m   1469[39m     regions.append(props)
[32m   1471[39m [38;5;28;01mreturn[39;00m regions

[36mFile [39m[32m~/work/bobiac-book/bobiac-book/.venv/lib/python3.12/site-packages/skimage/measure/_regionprops.py:341[39m, in [36mRegionProperties.__init__[39m[34m(self, slice, label, label_image, intensity_image, cache_active, extra_properties, spacing, offset)[39m
[32m    336[39m     ndim = label_image.ndim
[32m    337[39m     [38;5;28;01mif[39;00m [38;5;129;01mnot[39;00m (
[32m    338[39m         intensity_image.shape[:ndim] == label_image.shape
[32m    339[39m         [38;5;129;01mand[39;00m intensity_image.ndim [38;5;129;01min[39;00m [ndim, ndim + [32m1[39m]
[32m    340[39m     ):
[32m--> [39m[32m341[39m         [38;5;28;01mraise[39;00m [38;5;167;01mValueError[39;00m(
[32m    342[39m             [33m'[39m[33mLabel and intensity image shapes must match,[39m[33m'[39m
[32m    343[39m             [33m'[39m[33m except for channel (last) axis.[39m[33m'[39m
[32m    344[39m         )
[32m    345[39m     multichannel = label_image.shape < intensity_image.shape
[32m    346[39m [38;5;28;01melse[39;00m:

[31mValueError[39m: Label and intensity image shapes must match, except for channel (last) axis.

